*** List of included argument files ***
    Build configuration file:  /home/student/kligeza/VDIC/.dvt/lab01.build
    -F /home/student/kligeza/VDIC/./lab01/tb/tb.f
*** Done analyzing build configuration [4 ms] ***
*** Start SystemVerilog build ***
*** Invocation #1***
Loading (1) /home/student/kligeza/VDIC/common/simple_uart_switch.svp ...
Done /home/student/kligeza/VDIC/common/simple_uart_switch.svp [6 ms, 175 lines, SystemVerilog_2012] ...
Loading (2) /home/student/kligeza/VDIC/lab01/tb/simple_uart_switch_tb.sv ...
Done /home/student/kligeza/VDIC/lab01/tb/simple_uart_switch_tb.sv [4 ms, 182 lines, SystemVerilog_2012] ...
*** Done invocation #1 [9 ms] ***
*** Total number of lines [357] ***
Performing post full build actions ...
Performing post full build step 1 (SRI) [0 ms] ...
Performing post full build step 2 (RI) [0 ms] ...
Performing post full build step 3 (RCP) [0 ms] ...
*** Done SystemVerilog build [10 ms] ***
*** Start mixed mode extension build ***
Performing mixed post full build step (VLOG - RI) [0 ms] ...
*** Warning: UNSPECIFIED_TOP: Please specify a -top module/entity/configuration in the project build file
*** Top design candidates: work.simple_uart_switch_tb
Performing mixed post full build step (MIXED - ELAB) [204 ms] ...
Performing mixed post full build step (MIXED - UNEL) [50 ms] ...
Performing mixed post full build step (VLOG - RD) [0 ms] ...
Performing mixed post full build step (VLOG - FSC) [50 ms] ...
Performing mixed post full build step (VLOG - EV) [51 ms] ...
Performing mixed post full build step (VLOG - ELPC) [0 ms] ...
Performing mixed post full build step (VLOG - US) [50 ms] ...
*** Warning: SIGNAL_NEVER_USED: Signal 'clk' is never used
    at line 26 in /home/student/kligeza/VDIC/common/simple_uart_switch.svp [compile index 1]
*** Warning: SIGNAL_NEVER_USED: Signal 'rst_n' is never used
    at line 27 in /home/student/kligeza/VDIC/common/simple_uart_switch.svp [compile index 1]
*** Warning: SIGNAL_NEVER_USED: Signal 'prog' is never used
    at line 28 in /home/student/kligeza/VDIC/common/simple_uart_switch.svp [compile index 1]
*** Warning: SIGNAL_NEVER_USED: Signal 'sin' is never used
    at line 29 in /home/student/kligeza/VDIC/common/simple_uart_switch.svp [compile index 1]
*** Warning: SIGNAL_NEVER_USED: Signal 'sout0' is never used
    at line 30 in /home/student/kligeza/VDIC/common/simple_uart_switch.svp [compile index 1]
*** Warning: SIGNAL_NEVER_USED: Signal 'sout1' is never used
    at line 31 in /home/student/kligeza/VDIC/common/simple_uart_switch.svp [compile index 1]
*** Warning: PARAMETER_NEVER_USED: Parameter 'CLKS_PER_BIT' is never used
    at line 34 in /home/student/kligeza/VDIC/common/simple_uart_switch.svp [compile index 1]
*** Done mixed mode extension build [407 ms] ***
*** Total build time [423 ms] ***
