TOOL:	xrun(64)	24.09-s005: Started on Oct 10, 2025 at 14:23:39 CEST
xrun
	-elaborate
	-l xrun_elaborate.log
	-F ../tb/tb.f
		../../common/simple_uart_switch.svp
		simple_uart_switch_tb.sv
	-v93
	+nowarnDSEM2009
	+nowarnDSEMEL
	+nowarnCGDEFN
	+nowarnCOVUTA
	+nowarnBADPRF
	+nowarnXCLGNOPTM
	+nowarnRNDXCELON
	+nowarnSAWSTP
	-xmlibdirname INCA_libs_gui
	+access+r
	+gui
	+overwrite
	-nocopyright
	-coverage all
	-covoverwrite
	-covfile xrun_covfile.txt
		Caching library 'worklib' ....... Done
	Elaborating the design hierarchy:
	Top level design units:
		simple_uart_switch_tb

	Extracting FSMs for coverage:
		worklib.simple_uart_switch_tb
	Total FSMs extracted = 0
	Building instance overlay tables: .................... Done
	Enabling instrumentation for coverage types: block expression FSM toggle functional
	Generating native compiled code:
		worklib.simple_switch_uart:svp <0x68f7c88b>
			streams:  13, words: 17311
		worklib.simple_uart_switch_tb:sv <0x347b5c6a>
			streams:   3, words:  2102
	Building instance specific data structures.
	Performing constant object marking (COM) analysis.
	Loading native compiled code:     .................... Done
	Design hierarchy summary:
		              Instances  Unique
		Modules:              2       2
		Registers:           27      27
		Scalar wires:         7       -
		Always blocks:        3       3
		Initial blocks:       2       2
		Cont. assignments:    1       2
		Pseudo assignments:   1       -
	Writing initial simulation snapshot: worklib.simple_uart_switch_tb:sv
TOOL:	xrun(64)	24.09-s005: Exiting on Oct 10, 2025 at 14:23:39 CEST  (total: 00:00:00)
